// Jest Snapshot v1, https://goo.gl/fbAQLP

exports[`AxeMarkdownConvertor convert returns congrats message when no failure found 1`] = `
"Congratulations!
No failed automated checks were found by Accessibility Insights Action."
`;

exports[`AxeMarkdownConvertor convert returns failure details 1`] = `
"FAILED RULES:

| Rule           | Count |
| -------------- | ----- |
| color-contrast | 1     |
| duplicate-id   | 1     |"
`;
